{
  "version": "1.5.0",
  "plugins_used": [
    {
      "name": "ArtifactoryDetector"
    },
    {
      "name": "AWSKeyDetector"
    },
    {
      "name": "AzureStorageKeyDetector"
    },
    {
      "name": "Base64HighEntropyString",
      "limit": 4.5
    },
    {
      "name": "BasicAuthDetector"
    },
    {
      "name": "CloudantDetector"
    },
    {
      "name": "DiscordBotTokenDetector"
    },
    {
      "name": "GitHubTokenDetector"
    },
    {
      "name": "GitLabTokenDetector"
    },
    {
      "name": "HexHighEntropyString",
      "limit": 3.0
    },
    {
      "name": "IbmCloudIamDetector"
    },
    {
      "name": "IbmCosHmacDetector"
    },
    {
      "name": "IPPublicDetector"
    },
    {
      "name": "JwtTokenDetector"
    },
    {
      "name": "KeywordDetector",
      "keyword_exclude": ""
    },
    {
      "name": "MailchimpDetector"
    },
    {
      "name": "NpmDetector"
    },
    {
      "name": "OpenAIDetector"
    },
    {
      "name": "PrivateKeyDetector"
    },
    {
      "name": "PypiTokenDetector"
    },
    {
      "name": "SendGridDetector"
    },
    {
      "name": "SlackDetector"
    },
    {
      "name": "SoftlayerDetector"
    },
    {
      "name": "SquareOAuthDetector"
    },
    {
      "name": "StripeDetector"
    },
    {
      "name": "TelegramBotTokenDetector"
    },
    {
      "name": "TwilioKeyDetector"
    }
  ],
  "filters_used": [
    {
      "path": "detect_secrets.filters.allowlist.is_line_allowlisted"
    },
    {
      "path": "detect_secrets.filters.common.is_baseline_file",
      "filename": ".secrets.baseline"
    },
    {
      "path": "detect_secrets.filters.common.is_ignored_due_to_verification_policies",
      "min_level": 2
    },
    {
      "path": "detect_secrets.filters.heuristic.is_indirect_reference"
    },
    {
      "path": "detect_secrets.filters.heuristic.is_likely_id_string"
    },
    {
      "path": "detect_secrets.filters.heuristic.is_lock_file"
    },
    {
      "path": "detect_secrets.filters.heuristic.is_not_alphanumeric_string"
    },
    {
      "path": "detect_secrets.filters.heuristic.is_potential_uuid"
    },
    {
      "path": "detect_secrets.filters.heuristic.is_prefixed_with_dollar_sign"
    },
    {
      "path": "detect_secrets.filters.heuristic.is_sequential_string"
    },
    {
      "path": "detect_secrets.filters.heuristic.is_swagger_file"
    },
    {
      "path": "detect_secrets.filters.heuristic.is_templated_secret"
    },
    {
      "path": "detect_secrets.filters.regex.should_exclude_file",
      "pattern": [
        "node_modules/.*",
        "\\.git/.*",
        ".*\\.pytest_cache/.*",
        ".*\\.(png|jpg|jpeg|pdf|pptx|xlsx)$"
      ]
    }
  ],
  "results": {
    ".claude/settings.local.json": [
      {
        "type": "Base64 High Entropy String",
        "filename": ".claude/settings.local.json",
        "hashed_secret": "646d24c0f793a1f08aaa091d5f5eb9a5d000d2c6",
        "is_verified": false,
        "line_number": 15
      },
      {
        "type": "GitHub Token",
        "filename": ".claude/settings.local.json",
        "hashed_secret": "e175c6f5f2a92e8623bd9a4820edb4e8c1b0fd10",
        "is_verified": false,
        "line_number": 15
      }
    ],
    "01-student-family-concierge/.env.example": [
      {
        "type": "Basic Auth Credentials",
        "filename": "01-student-family-concierge/.env.example",
        "hashed_secret": "9d4e1e23bd5b727046a9e3b4b7db57bd8d6ee684",
        "is_verified": false,
        "line_number": 29
      }
    ],
    "02-tutor-study-companion/.env.example": [
      {
        "type": "Basic Auth Credentials",
        "filename": "02-tutor-study-companion/.env.example",
        "hashed_secret": "9d4e1e23bd5b727046a9e3b4b7db57bd8d6ee684",
        "is_verified": false,
        "line_number": 28
      }
    ],
    "03-educator-copilot/.env.example": [
      {
        "type": "Basic Auth Credentials",
        "filename": "03-educator-copilot/.env.example",
        "hashed_secret": "9d4e1e23bd5b727046a9e3b4b7db57bd8d6ee684",
        "is_verified": false,
        "line_number": 28
      }
    ],
    "04-assessment-grading-feedback/.env.example": [
      {
        "type": "Basic Auth Credentials",
        "filename": "04-assessment-grading-feedback/.env.example",
        "hashed_secret": "9d4e1e23bd5b727046a9e3b4b7db57bd8d6ee684",
        "is_verified": false,
        "line_number": 28
      }
    ],
    "05-student-success-engagement/.env.example": [
      {
        "type": "Basic Auth Credentials",
        "filename": "05-student-success-engagement/.env.example",
        "hashed_secret": "9d4e1e23bd5b727046a9e3b4b7db57bd8d6ee684",
        "is_verified": false,
        "line_number": 30
      }
    ],
    "06-pathway-navigator/.env.example": [
      {
        "type": "Basic Auth Credentials",
        "filename": "06-pathway-navigator/.env.example",
        "hashed_secret": "9d4e1e23bd5b727046a9e3b4b7db57bd8d6ee684",
        "is_verified": false,
        "line_number": 31
      }
    ],
    "07-document-accessibility-services/.env.example": [
      {
        "type": "Basic Auth Credentials",
        "filename": "07-document-accessibility-services/.env.example",
        "hashed_secret": "9d4e1e23bd5b727046a9e3b4b7db57bd8d6ee684",
        "is_verified": false,
        "line_number": 29
      }
    ],
    "08-operations-service-desk/.env.example": [
      {
        "type": "Basic Auth Credentials",
        "filename": "08-operations-service-desk/.env.example",
        "hashed_secret": "9d4e1e23bd5b727046a9e3b4b7db57bd8d6ee684",
        "is_verified": false,
        "line_number": 29
      }
    ],
    "governance/prompt_manifest.json": [
      {
        "type": "Hex High Entropy String",
        "filename": "governance/prompt_manifest.json",
        "hashed_secret": "7133abacc2084ea59724ceade62660986aa1e5f0",
        "is_verified": false,
        "line_number": 5
      },
      {
        "type": "Hex High Entropy String",
        "filename": "governance/prompt_manifest.json",
        "hashed_secret": "17d28dbc660ddd3e1df4035b8ade8644810b71a8",
        "is_verified": false,
        "line_number": 11
      },
      {
        "type": "Hex High Entropy String",
        "filename": "governance/prompt_manifest.json",
        "hashed_secret": "d4b82940c57c2c64878317d95310ee28fcf572d2",
        "is_verified": false,
        "line_number": 17
      },
      {
        "type": "Hex High Entropy String",
        "filename": "governance/prompt_manifest.json",
        "hashed_secret": "0242025a13f503fed71fd3bdd5169c8300acc358",
        "is_verified": false,
        "line_number": 23
      },
      {
        "type": "Hex High Entropy String",
        "filename": "governance/prompt_manifest.json",
        "hashed_secret": "89a8e6b4e06d79f97866fc857c5e3f187306f10f",
        "is_verified": false,
        "line_number": 29
      },
      {
        "type": "Hex High Entropy String",
        "filename": "governance/prompt_manifest.json",
        "hashed_secret": "fff01b171ec4c6f1a883d479705d65e14eb4bd41",
        "is_verified": false,
        "line_number": 35
      },
      {
        "type": "Hex High Entropy String",
        "filename": "governance/prompt_manifest.json",
        "hashed_secret": "c8fdb34e6444848133300b1e24ab7c23b224ff71",
        "is_verified": false,
        "line_number": 41
      },
      {
        "type": "Hex High Entropy String",
        "filename": "governance/prompt_manifest.json",
        "hashed_secret": "67a555bc093ce28a17ba83ca1c4247073458dd4a",
        "is_verified": false,
        "line_number": 47
      }
    ],
    "infra/cloudformation/demo-in-a-box.yaml": [
      {
        "type": "Secret Keyword",
        "filename": "infra/cloudformation/demo-in-a-box.yaml",
        "hashed_secret": "b63bf00edb07af6ffba7f7ceb7ed573a913271f7",
        "is_verified": false,
        "line_number": 427
      }
    ],
    "infra/cloudformation/security.yaml": [
      {
        "type": "Secret Keyword",
        "filename": "infra/cloudformation/security.yaml",
        "hashed_secret": "5ffe533b830f08a0326348a9160afafc8ada44db",
        "is_verified": false,
        "line_number": 284
      },
      {
        "type": "Secret Keyword",
        "filename": "infra/cloudformation/security.yaml",
        "hashed_secret": "b63bf00edb07af6ffba7f7ceb7ed573a913271f7",
        "is_verified": false,
        "line_number": 367
      },
      {
        "type": "Secret Keyword",
        "filename": "infra/cloudformation/security.yaml",
        "hashed_secret": "24c18edfece104ad21662ae51004741b052c5b5b",
        "is_verified": false,
        "line_number": 368
      }
    ]
  },
  "generated_at": "2026-06-26T18:24:16Z"
}
